  1.00000000e+00,  0.00000000e+00,  0.00000000e+00
  2.00000000e+00,  2.00000000e-03,  6.29513669e+01
  3.00000000e+00,  4.00000000e-03,  1.25868786e+02
  4.00000000e+00,  6.00000000e-03,  1.88786209e+02
  5.00000000e+00,  8.00000000e-03,  2.51703629e+02
  6.00000000e+00,  1.00000000e-02,  3.14621052e+02
  7.00000000e+00,  1.20000000e-02,  3.77538469e+02
  8.00000000e+00,  1.40000000e-02,  4.40455891e+02
  9.00000000e+00,  1.60000000e-02,  5.03373316e+02
  1.00000000e+01,  1.80000000e-02,  5.66290740e+02
  1.10000000e+01,  2.00000000e-02,  6.29208157e+02
  1.20000000e+01,  2.20000000e-02,  6.92125582e+02
  1.30000000e+01,  2.40000000e-02,  7.55043004e+02
  1.40000000e+01,  2.60000000e-02,  8.17960422e+02
  1.50000000e+01,  2.80000000e-02,  8.80877844e+02
  1.60000000e+01,  3.00000000e-02,  9.43795269e+02
  1.70000000e+01,  3.20000000e-02,  1.00671269e+03
  1.80000000e+01,  3.40000000e-02,  1.06963011e+03
  1.90000000e+01,  3.60000000e-02,  1.13254753e+03
  2.00000000e+01,  3.80000000e-02,  1.19546496e+03
  2.10000000e+01,  4.00000000e-02,  1.25838238e+03
  2.20000000e+01,  4.20000000e-02,  1.32129980e+03
  2.30000000e+01,  4.40000000e-02,  1.38421722e+03
  2.40000000e+01,  4.60000000e-02,  1.44713464e+03
  2.50000000e+01,  4.80000000e-02,  1.51005207e+03
  2.60000000e+01,  5.00000000e-02,  1.57296948e+03
  2.70000000e+01,  5.20000000e-02,  1.63579777e+03
  2.80000000e+01,  5.40000000e-02,  1.69744989e+03
  2.90000000e+01,  5.60000000e-02,  1.75607518e+03
  3.00000000e+01,  5.80000000e-02,  1.81311611e+03
  3.10000000e+01,  6.00000000e-02,  1.86730979e+03
  3.20000000e+01,  6.20000000e-02,  1.91491953e+03
  3.30000000e+01,  6.40000000e-02,  1.95252225e+03
  3.40000000e+01,  6.60000000e-02,  1.98286428e+03
  3.50000000e+01,  6.80000000e-02,  2.00783308e+03
  3.60000000e+01,  7.00000000e-02,  2.02867504e+03
  3.70000000e+01,  7.20000000e-02,  2.04616312e+03
  3.80000000e+01,  7.40000000e-02,  2.06086001e+03
  3.90000000e+01,  7.60000000e-02,  2.07328439e+03
  4.00000000e+01,  7.80000000e-02,  2.08437233e+03
  4.10000000e+01,  8.00000000e-02,  2.09455100e+03
  4.20000000e+01,  8.20000000e-02,  2.10404945e+03
  4.30000000e+01,  8.40000000e-02,  2.11296214e+03
  4.40000000e+01,  8.60000000e-02,  2.12150606e+03
  4.50000000e+01,  8.80000000e-02,  2.12981619e+03
  4.60000000e+01,  9.00000000e-02,  2.13786922e+03
  4.70000000e+01,  9.20000000e-02,  2.14566293e+03
  4.80000000e+01,  9.40000000e-02,  2.15328817e+03
  4.90000000e+01,  9.60000000e-02,  2.16067421e+03
  5.00000000e+01,  9.80000000e-02,  2.16790425e+03
  5.10000000e+01,  1.00000000e-01,  2.17491649e+03
  5.20000000e+01,  1.02000000e-01,  2.18174302e+03
  5.30000000e+01,  1.04000000e-01,  2.18837338e+03
  5.40000000e+01,  1.06000000e-01,  2.19491509e+03
  5.50000000e+01,  1.08000000e-01,  2.20122883e+03
