  1.00000000e+00,  0.00000000e+00,  0.00000000e+00
  2.00000000e+00,  1.00000000e-03,  1.05412179e+02
  3.00000000e+00,  2.00000000e-03,  2.10800139e+02
  4.00000000e+00,  3.00000000e-03,  3.15986540e+02
  5.00000000e+00,  4.00000000e-03,  4.13811706e+02
  6.00000000e+00,  5.00000000e-03,  4.73138918e+02
  7.00000000e+00,  6.00000000e-03,  4.98064582e+02
  8.00000000e+00,  7.00000000e-03,  5.13038838e+02
  9.00000000e+00,  8.00000000e-03,  5.24334246e+02
  1.00000000e+01,  9.00000000e-03,  5.34114201e+02
  1.10000000e+01,  1.00000000e-02,  5.42509454e+02
  1.20000000e+01,  1.10000000e-02,  5.49765079e+02
  1.30000000e+01,  1.20000000e-02,  5.56054828e+02
  1.40000000e+01,  1.30000000e-02,  5.61518393e+02
  1.50000000e+01,  1.40000000e-02,  5.66274025e+02
  1.60000000e+01,  1.50000000e-02,  5.70423970e+02
  1.70000000e+01,  1.60000000e-02,  5.74055397e+02
  1.80000000e+01,  1.70000000e-02,  5.77242299e+02
  1.90000000e+01,  1.80000000e-02,  5.80048553e+02
  2.00000000e+01,  1.90000000e-02,  5.82527596e+02
  2.10000000e+01,  2.00000000e-02,  5.84726411e+02
  2.20000000e+01,  2.10000000e-02,  5.86684501e+02
  2.30000000e+01,  2.20000000e-02,  5.88435281e+02
  2.40000000e+01,  2.30000000e-02,  5.90008067e+02
  2.50000000e+01,  2.40000000e-02,  5.91427546e+02
  2.60000000e+01,  2.50000000e-02,  5.92713770e+02
  2.70000000e+01,  2.60000000e-02,  5.93884986e+02
  2.80000000e+01,  2.70000000e-02,  5.94980571e+02
  2.90000000e+01,  2.80000000e-02,  5.95967693e+02
  3.00000000e+01,  2.90000000e-02,  5.96879124e+02
  3.10000000e+01,  3.00000000e-02,  5.97724373e+02
