  1.00000000e+00,  0.00000000e+00,  0.00000000e+00
  2.00000000e+00,  2.00000000e-03,  6.29127892e+01
  3.00000000e+00,  4.00000000e-03,  1.25826942e+02
  4.00000000e+00,  6.00000000e-03,  1.88741826e+02
  5.00000000e+00,  8.00000000e-03,  2.51656075e+02
  6.00000000e+00,  1.00000000e-02,  3.14569955e+02
  7.00000000e+00,  1.20000000e-02,  3.77484444e+02
  8.00000000e+00,  1.40000000e-02,  4.40398837e+02
  9.00000000e+00,  1.60000000e-02,  5.03312875e+02
  1.00000000e+01,  1.80000000e-02,  5.66227259e+02
  1.10000000e+01,  2.00000000e-02,  6.29141948e+02
  1.20000000e+01,  2.20000000e-02,  6.92055691e+02
  1.30000000e+01,  2.40000000e-02,  7.54970084e+02
  1.40000000e+01,  2.60000000e-02,  8.17884856e+02
  1.50000000e+01,  2.80000000e-02,  8.80798583e+02
  1.60000000e+01,  3.00000000e-02,  9.43712997e+02
  1.70000000e+01,  3.20000000e-02,  1.00662774e+03
  1.80000000e+01,  3.40000000e-02,  1.06954149e+03
  1.90000000e+01,  3.60000000e-02,  1.13245577e+03
  2.00000000e+01,  3.80000000e-02,  1.19537055e+03
  2.10000000e+01,  4.00000000e-02,  1.25828433e+03
  2.20000000e+01,  4.20000000e-02,  1.32119891e+03
  2.30000000e+01,  4.40000000e-02,  1.38411341e+03
  2.40000000e+01,  4.60000000e-02,  1.44702731e+03
  2.50000000e+01,  4.80000000e-02,  1.50994167e+03
  2.60000000e+01,  5.00000000e-02,  1.57285813e+03
  2.70000000e+01,  5.20000000e-02,  1.63566443e+03
  2.80000000e+01,  5.40000000e-02,  1.69769709e+03
  2.90000000e+01,  5.60000000e-02,  1.75779086e+03
  3.00000000e+01,  5.80000000e-02,  1.81560564e+03
  3.10000000e+01,  6.00000000e-02,  1.86978522e+03
  3.20000000e+01,  6.20000000e-02,  1.91699553e+03
  3.30000000e+01,  6.40000000e-02,  1.95501154e+03
  3.40000000e+01,  6.60000000e-02,  1.98498948e+03
  3.50000000e+01,  6.80000000e-02,  2.00963467e+03
  3.60000000e+01,  7.00000000e-02,  2.03015129e+03
  3.70000000e+01,  7.20000000e-02,  2.04743865e+03
  3.80000000e+01,  7.40000000e-02,  2.06205195e+03
  3.90000000e+01,  7.60000000e-02,  2.07451885e+03
  4.00000000e+01,  7.80000000e-02,  2.08557527e+03
  4.10000000e+01,  8.00000000e-02,  2.09573706e+03
  4.20000000e+01,  8.20000000e-02,  2.10525125e+03
  4.30000000e+01,  8.40000000e-02,  2.11429066e+03
  4.40000000e+01,  8.60000000e-02,  2.12296323e+03
  4.50000000e+01,  8.80000000e-02,  2.13132971e+03
  4.60000000e+01,  9.00000000e-02,  2.13943606e+03
  4.70000000e+01,  9.20000000e-02,  2.14731133e+03
  4.80000000e+01,  9.40000000e-02,  2.15497094e+03
  4.90000000e+01,  9.60000000e-02,  2.16242591e+03
  5.00000000e+01,  9.80000000e-02,  2.16968910e+03
  5.10000000e+01,  1.00000000e-01,  2.17677106e+03
  5.20000000e+01,  1.02000000e-01,  2.18367795e+03
  5.30000000e+01,  1.04000000e-01,  2.19041530e+03
  5.40000000e+01,  1.06000000e-01,  2.19700071e+03
  5.50000000e+01,  1.08000000e-01,  2.20338266e+03
